/root/pankaj/kurento-exp/k2-test/server/module-creator/src/main/java/org/kurento/modulecreator/Result.java
/root/pankaj/kurento-exp/k2-test/server/module-creator/src/main/java/org/kurento/modulecreator/definition/Property.java
/root/pankaj/kurento-exp/k2-test/server/module-creator/src/main/java/com/github/zafarkhaja/semver/VersionParser.java
/root/pankaj/kurento-exp/k2-test/server/module-creator/src/main/java/org/kurento/modulecreator/json/RemoteClassAdapter.java
/root/pankaj/kurento-exp/k2-test/server/module-creator/src/main/java/com/github/zafarkhaja/semver/expr/Equal.java
/root/pankaj/kurento-exp/k2-test/server/module-creator/src/main/java/org/kurento/modulecreator/codegen/PathTemplateLoader.java
/root/pankaj/kurento-exp/k2-test/server/module-creator/src/main/java/com/github/zafarkhaja/semver/expr/ExpressionParser.java
/root/pankaj/kurento-exp/k2-test/server/module-creator/src/main/java/org/kurento/modulecreator/codegen/function/PackageToFolder.java
/root/pankaj/kurento-exp/k2-test/server/module-creator/src/main/java/org/kurento/modulecreator/codegen/function/EscapeString.java
/root/pankaj/kurento-exp/k2-test/server/module-creator/src/main/java/org/kurento/modulecreator/KurentoModuleCreatorException.java
/root/pankaj/kurento-exp/k2-test/server/module-creator/src/main/java/org/kurento/modulecreator/json/JsonModuleSaverLoader.java
/root/pankaj/kurento-exp/k2-test/server/module-creator/src/main/java/com/github/zafarkhaja/semver/expr/LexerException.java
/root/pankaj/kurento-exp/k2-test/server/module-creator/src/main/java/com/github/zafarkhaja/semver/expr/And.java
/root/pankaj/kurento-exp/k2-test/server/module-creator/src/main/java/org/kurento/modulecreator/codegen/function/InitializePropertiesValues.java
/root/pankaj/kurento-exp/k2-test/server/module-creator/src/main/java/org/kurento/modulecreator/definition/Event.java
/root/pankaj/kurento-exp/k2-test/server/module-creator/src/main/java/org/kurento/modulecreator/definition/Return.java
/root/pankaj/kurento-exp/k2-test/server/module-creator/src/main/java/com/github/zafarkhaja/semver/expr/package-info.java
/root/pankaj/kurento-exp/k2-test/server/module-creator/src/main/java/com/github/zafarkhaja/semver/package-info.java
/root/pankaj/kurento-exp/k2-test/server/module-creator/src/main/java/org/kurento/modulecreator/definition/ComplexType.java
/root/pankaj/kurento-exp/k2-test/server/module-creator/src/main/java/org/kurento/modulecreator/codegen/function/JsNamespace.java
/root/pankaj/kurento-exp/k2-test/server/module-creator/src/main/java/com/github/zafarkhaja/semver/expr/Lexer.java
/root/pankaj/kurento-exp/k2-test/server/module-creator/src/main/java/org/kurento/modulecreator/codegen/function/JavaObjectType.java
/root/pankaj/kurento-exp/k2-test/server/module-creator/src/main/java/org/kurento/modulecreator/codegen/function/JsonCppTypeData.java
/root/pankaj/kurento-exp/k2-test/server/module-creator/src/main/java/org/kurento/modulecreator/definition/Type.java
/root/pankaj/kurento-exp/k2-test/server/module-creator/src/main/java/com/github/zafarkhaja/semver/expr/NotEqual.java
/root/pankaj/kurento-exp/k2-test/server/module-creator/src/main/java/org/kurento/modulecreator/codegen/function/GenerateKurentoClientJsVersion.java
/root/pankaj/kurento-exp/k2-test/server/module-creator/src/main/java/org/kurento/modulecreator/definition/TypeRef.java
/root/pankaj/kurento-exp/k2-test/server/module-creator/src/main/java/com/github/zafarkhaja/semver/expr/Expression.java
/root/pankaj/kurento-exp/k2-test/server/module-creator/src/main/java/org/kurento/modulecreator/json/DataItemAdapter.java
/root/pankaj/kurento-exp/k2-test/server/module-creator/src/main/java/org/kurento/modulecreator/definition/NamedElement.java
/root/pankaj/kurento-exp/k2-test/server/module-creator/src/main/java/org/kurento/modulecreator/definition/PrimitiveType.java
/root/pankaj/kurento-exp/k2-test/server/module-creator/src/main/java/org/kurento/modulecreator/codegen/JsonFusioner.java
/root/pankaj/kurento-exp/k2-test/server/module-creator/src/main/java/org/kurento/modulecreator/codegen/function/CamelToUnderscore.java
/root/pankaj/kurento-exp/k2-test/server/module-creator/src/main/java/org/kurento/modulecreator/codegen/function/SphinxLinks.java
/root/pankaj/kurento-exp/k2-test/server/module-creator/src/main/java/org/kurento/modulecreator/json/TypeRefAdapter.java
/root/pankaj/kurento-exp/k2-test/server/module-creator/src/main/java/org/kurento/modulecreator/definition/DataItem.java
/root/pankaj/kurento-exp/k2-test/server/module-creator/src/main/java/com/github/zafarkhaja/semver/ParseException.java
/root/pankaj/kurento-exp/k2-test/server/module-creator/src/main/java/com/github/zafarkhaja/semver/expr/UnexpectedTokenException.java
/root/pankaj/kurento-exp/k2-test/server/module-creator/src/main/java/com/github/zafarkhaja/semver/expr/LessOrEqual.java
/root/pankaj/kurento-exp/k2-test/server/module-creator/src/main/java/com/github/zafarkhaja/semver/expr/GreaterOrEqual.java
/root/pankaj/kurento-exp/k2-test/server/module-creator/src/main/java/org/kurento/modulecreator/VersionManager.java
/root/pankaj/kurento-exp/k2-test/server/module-creator/src/main/java/com/github/zafarkhaja/semver/UnexpectedCharacterException.java
/root/pankaj/kurento-exp/k2-test/server/module-creator/src/main/java/org/kurento/modulecreator/definition/ModelElement.java
/root/pankaj/kurento-exp/k2-test/server/module-creator/src/main/java/com/github/zafarkhaja/semver/expr/Less.java
/root/pankaj/kurento-exp/k2-test/server/module-creator/src/main/java/org/kurento/modulecreator/codegen/function/CppObjectType.java
/root/pankaj/kurento-exp/k2-test/server/module-creator/src/main/java/com/github/zafarkhaja/semver/util/UnexpectedElementException.java
/root/pankaj/kurento-exp/k2-test/server/module-creator/src/main/java/org/kurento/modulecreator/codegen/function/TypeDependencies.java
/root/pankaj/kurento-exp/k2-test/server/module-creator/src/main/java/org/kurento/modulecreator/codegen/CodeGen.java
/root/pankaj/kurento-exp/k2-test/server/module-creator/src/main/java/org/kurento/modulecreator/definition/Param.java
/root/pankaj/kurento-exp/k2-test/server/module-creator/src/main/java/org/kurento/modulecreator/print/ModuleDefinitionPrinter.java
/root/pankaj/kurento-exp/k2-test/server/module-creator/src/main/java/org/kurento/modulecreator/Main.java
/root/pankaj/kurento-exp/k2-test/server/module-creator/src/main/java/org/kurento/modulecreator/definition/Code.java
/root/pankaj/kurento-exp/k2-test/server/module-creator/src/main/java/org/kurento/modulecreator/codegen/Error.java
/root/pankaj/kurento-exp/k2-test/server/module-creator/src/main/java/org/kurento/modulecreator/definition/Method.java
/root/pankaj/kurento-exp/k2-test/server/module-creator/src/main/java/com/github/zafarkhaja/semver/MetadataVersion.java
/root/pankaj/kurento-exp/k2-test/server/module-creator/src/main/java/org/kurento/modulecreator/ModuleManager.java
/root/pankaj/kurento-exp/k2-test/server/module-creator/src/main/java/org/kurento/modulecreator/codegen/JsonObjectAsMap.java
/root/pankaj/kurento-exp/k2-test/server/module-creator/src/main/java/org/kurento/modulecreator/codegen/function/OrganizeDependencies.java
/root/pankaj/kurento-exp/k2-test/server/module-creator/src/main/java/org/kurento/modulecreator/definition/RemoteClass.java
/root/pankaj/kurento-exp/k2-test/server/module-creator/src/main/java/org/kurento/modulecreator/codegen/function/IsFirstConstructorParam.java
/root/pankaj/kurento-exp/k2-test/server/module-creator/src/main/java/org/kurento/modulecreator/codegen/XmlFusioner.java
/root/pankaj/kurento-exp/k2-test/server/module-creator/src/main/java/com/github/zafarkhaja/semver/expr/Or.java
/root/pankaj/kurento-exp/k2-test/server/module-creator/src/main/java/org/kurento/modulecreator/definition/ModuleDefinition.java
/root/pankaj/kurento-exp/k2-test/server/module-creator/src/main/java/com/github/zafarkhaja/semver/NormalVersion.java
/root/pankaj/kurento-exp/k2-test/server/module-creator/src/main/java/org/kurento/modulecreator/definition/Import.java
/root/pankaj/kurento-exp/k2-test/server/module-creator/src/main/java/com/github/zafarkhaja/semver/Parser.java
/root/pankaj/kurento-exp/k2-test/server/module-creator/src/main/java/com/github/zafarkhaja/semver/util/package-info.java
/root/pankaj/kurento-exp/k2-test/server/module-creator/src/main/java/org/kurento/modulecreator/json/MethodAdapter.java
/root/pankaj/kurento-exp/k2-test/server/module-creator/src/main/java/org/kurento/modulecreator/PathUtils.java
/root/pankaj/kurento-exp/k2-test/server/module-creator/src/main/java/com/github/zafarkhaja/semver/expr/Greater.java
/root/pankaj/kurento-exp/k2-test/server/module-creator/src/main/java/com/github/zafarkhaja/semver/expr/Not.java
/root/pankaj/kurento-exp/k2-test/server/module-creator/src/main/java/org/kurento/modulecreator/codegen/function/TypeHierarchy.java
/root/pankaj/kurento-exp/k2-test/server/module-creator/src/main/java/com/github/zafarkhaja/semver/util/Stream.java
/root/pankaj/kurento-exp/k2-test/server/module-creator/src/main/java/org/kurento/modulecreator/KurentoModuleCreator.java
/root/pankaj/kurento-exp/k2-test/server/module-creator/src/main/java/com/github/zafarkhaja/semver/Version.java
